Training on Jin2022 - bs: 1 - lr: 0.0005 - seed: 1
Epoch 0, global_step 100, average loss: 0.41674331977963447
Epoch 0, global_step 200, average loss: 0.28088886171579364
Epoch 0, global_step 300, average loss: 0.14582408931106328
Epoch 0, global_step 400, average loss: 0.08694794910028576
Epoch 0, global_step 500, average loss: 0.09381276660598814
Best model (step 500, average valid loss 0.10331317506730557) saved at data/ft_plms/llama_base_adalora/freeze_plm_False/Jin2022/5Hz/his_10_fut_20_ss_15_epochs_4_bs_32_lr_0.0005_seed_1_rank_4_scheduled_sampling_True_shapley/best_model
Valid loss 0.10331317506730557  -  Best loss 0.10331317506730557 at step 500
Epoch 0, global_step 600, average loss: 0.0744232036685571
Epoch 0, global_step 700, average loss: 0.05191338278818876
Epoch 0, global_step 800, average loss: 0.050136333918198946
Epoch 0, global_step 900, average loss: 0.047965735991019755
Epoch 0, global_step 1000, average loss: 0.02654859689064324
Best model (step 1000, average valid loss 0.019313212879933418) saved at data/ft_plms/llama_base_adalora/freeze_plm_False/Jin2022/5Hz/his_10_fut_20_ss_15_epochs_4_bs_32_lr_0.0005_seed_1_rank_4_scheduled_sampling_True_shapley/best_model
Valid loss 0.019313212879933418  -  Best loss 0.019313212879933418 at step 1000
Epoch 0, global_step 1100, average loss: 0.032649750420823694
Epoch 0, global_step 1200, average loss: 0.02557913603493944
Epoch 0, global_step 1300, average loss: 0.024508470794316964
Epoch 0, global_step 1400, average loss: 0.026198463100008666
Epoch 0, global_step 1500, average loss: 0.026417125192238017
Valid loss 0.022033482920378447  -  Best loss 0.019313212879933418 at step 1000
Epoch 0, global_step 1600, average loss: 0.021343088967259973
Epoch 0, global_step 1700, average loss: 0.02107038544549141
Epoch 0, global_step 1800, average loss: 0.019450575277151074
Epoch 0, global_step 1900, average loss: 0.026696689696909744
Epoch 0, global_step 2000, average loss: 0.021951222931966184
Valid loss 0.059546078499406574  -  Best loss 0.019313212879933418 at step 1000
Epoch 0, global_step 2100, average loss: 0.013597845326876268
Epoch 0, global_step 2200, average loss: 0.018548990904237145
Epoch 0, global_step 2300, average loss: 0.02400188682426233
Epoch 0, global_step 2400, average loss: 0.018333768772426994
Epoch 0, global_step 2500, average loss: 0.020826445291750133
Valid loss 0.02110438184114173  -  Best loss 0.019313212879933418 at step 1000
Epoch 0, global_step 2600, average loss: 0.014989066919079051
Epoch 0, global_step 2700, average loss: 0.019536942624254153
Epoch 0, global_step 2800, average loss: 0.020892065635416658
Epoch 0, global_step 2900, average loss: 0.023758574554231016
Epoch 0, global_step 3000, average loss: 0.015640390873886644
Valid loss 0.02374130964279175  -  Best loss 0.019313212879933418 at step 1000
Epoch 0, global_step 3100, average loss: 0.018500208781915717
Epoch 0, global_step 3200, average loss: 0.01771584162081126
Epoch 0, global_step 3300, average loss: 0.012792054764577187
Epoch 0, global_step 3400, average loss: 0.020183807786670515
Epoch 0, global_step 3500, average loss: 0.013143606991507113
Valid loss 0.058506298661232  -  Best loss 0.019313212879933418 at step 1000
Epoch 0, global_step 3600, average loss: 0.015572956158157467
Epoch 0, global_step 3700, average loss: 0.019079269518260843
Epoch 0, global_step 3800, average loss: 0.02653372957604006
[shapley-alloc] stage1 module-shapley players=192 v_full=-0.00720 v_empty=-0.00477 tol=0.00012 n_perm=2 antithetic=True
[shapley-alloc] pair 1/1
[shapley-alloc] stage2 budget=1508 modules_alive=192/192 alloc_sum=1508
Epoch 0, global_step 3900, average loss: 0.01572197395376861
Epoch 0, global_step 4000, average loss: 0.01653174725128338
Best model (step 4000, average valid loss 0.01752943525323644) saved at data/ft_plms/llama_base_adalora/freeze_plm_False/Jin2022/5Hz/his_10_fut_20_ss_15_epochs_4_bs_32_lr_0.0005_seed_1_rank_4_scheduled_sampling_True_shapley/best_model
Valid loss 0.01752943525323644  -  Best loss 0.01752943525323644 at step 4000
Epoch 0, global_step 4100, average loss: 0.018432645817520098
[shapley-alloc] stage1 module-shapley players=192 v_full=-0.00748 v_empty=-0.02743 tol=0.00100 n_perm=2 antithetic=True
[shapley-alloc] pair 1/1
[shapley-alloc] stage2 budget=1481 modules_alive=192/192 alloc_sum=1481
Epoch 0, global_step 4200, average loss: 0.012878543592523783
Epoch 0, global_step 4300, average loss: 0.01631468376261182
Epoch 0, global_step 4400, average loss: 0.010413085338077508
Epoch 0, global_step 4500, average loss: 0.011975862809049432
Valid loss 0.01830283141694963  -  Best loss 0.01752943525323644 at step 4000
[shapley-alloc] stage1 module-shapley players=192 v_full=-0.00598 v_empty=-0.01236 tol=0.00032 n_perm=2 antithetic=True
[shapley-alloc] pair 1/1
[shapley-alloc] stage2 budget=1455 modules_alive=192/192 alloc_sum=1455
Epoch 0, global_step 4600, average loss: 0.008185794624732807
Epoch 0, global_step 4700, average loss: 0.012222921970533207
Epoch 0, global_step 4800, average loss: 0.006757634411478648
[shapley-alloc] stage1 module-shapley players=192 v_full=-0.02610 v_empty=-0.02894 tol=0.00014 n_perm=2 antithetic=True
[shapley-alloc] pair 1/1
[shapley-alloc] stage2 budget=1430 modules_alive=192/192 alloc_sum=1430
Epoch 0, global_step 4900, average loss: 0.016988199400366284
Epoch 0, global_step 5000, average loss: 0.011659730228129774
Valid loss 0.031123730428516863  -  Best loss 0.01752943525323644 at step 4000
Epoch 0, global_step 5100, average loss: 0.01556895861052908
[shapley-alloc] stage1 module-shapley players=192 v_full=-0.01810 v_empty=-0.02904 tol=0.00055 n_perm=2 antithetic=True
[shapley-alloc] pair 1/1
[shapley-alloc] stage2 budget=1405 modules_alive=192/192 alloc_sum=1405
Epoch 0, global_step 5200, average loss: 0.011019705450162292
Epoch 0, global_step 5300, average loss: 0.012386541845335159
Epoch 0, global_step 5400, average loss: 0.013656530632870272
[shapley-alloc] stage1 module-shapley players=192 v_full=-0.01133 v_empty=-0.01701 tol=0.00028 n_perm=2 antithetic=True
[shapley-alloc] pair 1/1
[shapley-alloc] stage2 budget=1381 modules_alive=192/192 alloc_sum=1381
Epoch 0, global_step 5500, average loss: 0.01281850811559707
Valid loss 0.02061950823524967  -  Best loss 0.01752943525323644 at step 4000
Epoch 0, global_step 5600, average loss: 0.01299265525303781
Epoch 0, global_step 5700, average loss: 0.011576638310216367
[shapley-alloc] stage1 module-shapley players=192 v_full=-0.01249 v_empty=-0.01410 tol=0.00008 n_perm=2 antithetic=True
[shapley-alloc] pair 1/1
[shapley-alloc] stage2 budget=1357 modules_alive=192/192 alloc_sum=1357
Epoch 0, global_step 5800, average loss: 0.013175132963806391
Epoch 0, global_step 5900, average loss: 0.011887395977973938
Epoch 0, global_step 6000, average loss: 0.01605719985673204
Valid loss 0.018301954412600026  -  Best loss 0.01752943525323644 at step 4000
Epoch 0, global_step 6100, average loss: 0.011061987705761566
[shapley-alloc] stage1 module-shapley players=192 v_full=-0.01610 v_empty=-0.02643 tol=0.00052 n_perm=2 antithetic=True
[shapley-alloc] pair 1/1
[shapley-alloc] stage2 budget=1334 modules_alive=192/192 alloc_sum=1334
Epoch 0, global_step 6200, average loss: 0.009256503426004202
Epoch 0, global_step 6300, average loss: 0.01406516280840151
Epoch 0, global_step 6400, average loss: 0.012971208612434566
[shapley-alloc] stage1 module-shapley players=192 v_full=-0.00405 v_empty=-0.01374 tol=0.00048 n_perm=2 antithetic=True
[shapley-alloc] pair 1/1
[shapley-alloc] stage2 budget=1312 modules_alive=192/192 alloc_sum=1312
Epoch 0, global_step 6500, average loss: 0.014147374229505658
Valid loss 0.03331310803070665  -  Best loss 0.01752943525323644 at step 4000
Epoch 0, global_step 6600, average loss: 0.014713782787439414
Epoch 0, global_step 6700, average loss: 0.009397161208325996
[shapley-alloc] stage1 module-shapley players=192 v_full=-0.00929 v_empty=-0.01785 tol=0.00043 n_perm=2 antithetic=True
[shapley-alloc] pair 1/1
[shapley-alloc] stage2 budget=1290 modules_alive=192/192 alloc_sum=1290
Epoch 0, global_step 6800, average loss: 0.012221287930151448
Epoch 0, global_step 6900, average loss: 0.013039663228555582
Epoch 0, global_step 7000, average loss: 0.008124904944561423
Best model (step 7000, average valid loss 0.017320135622285307) saved at data/ft_plms/llama_base_adalora/freeze_plm_False/Jin2022/5Hz/his_10_fut_20_ss_15_epochs_4_bs_32_lr_0.0005_seed_1_rank_4_scheduled_sampling_True_shapley/best_model
Valid loss 0.017320135622285307  -  Best loss 0.017320135622285307 at step 7000
[shapley-alloc] stage1 module-shapley players=192 v_full=-0.01070 v_empty=-0.03263 tol=0.00110 n_perm=2 antithetic=True
[shapley-alloc] pair 1/1
[shapley-alloc] stage2 budget=1269 modules_alive=192/192 alloc_sum=1269
Epoch 0, global_step 7100, average loss: 0.01272488024784252
Epoch 0, global_step 7200, average loss: 0.011232479680329562
Epoch 0, global_step 7300, average loss: 0.012775895791419316
[shapley-alloc] stage1 module-shapley players=192 v_full=-0.02071 v_empty=-0.04900 tol=0.00141 n_perm=2 antithetic=True
[shapley-alloc] pair 1/1
[shapley-alloc] stage2 budget=1248 modules_alive=192/192 alloc_sum=1248
Epoch 0, global_step 7400, average loss: 0.012404271415434778
Epoch 0, global_step 7500, average loss: 0.015938250220060582
Valid loss 0.017868540388299152  -  Best loss 0.017320135622285307 at step 7000
Epoch 0, global_step 7600, average loss: 0.015050126712303609
Epoch 0, global_step 7700, average loss: 0.012920611345325596
[shapley-alloc] stage1 module-shapley players=192 v_full=-0.01832 v_empty=-0.04293 tol=0.00123 n_perm=2 antithetic=True
[shapley-alloc] pair 1/1
[shapley-alloc] stage2 budget=1228 modules_alive=192/192 alloc_sum=1228
Epoch 0, global_step 7800, average loss: 0.0122587853675941
Epoch 0, global_step 7900, average loss: 0.007698253440612462
Epoch 0, global_step 8000, average loss: 0.009798068640520796
Valid loss 0.021663294644095003  -  Best loss 0.017320135622285307 at step 7000
[shapley-alloc] stage1 module-shapley players=192 v_full=-0.00135 v_empty=-0.00579 tol=0.00022 n_perm=2 antithetic=True
[shapley-alloc] pair 1/1
[shapley-alloc] stage2 budget=1208 modules_alive=192/192 alloc_sum=1208
Epoch 0, global_step 8100, average loss: 0.01191792126861401
Epoch 0, global_step 8200, average loss: 0.01542949422611855
Epoch 0, global_step 8300, average loss: 0.024936662539839744
[shapley-alloc] stage1 module-shapley players=192 v_full=-0.04447 v_empty=-0.09155 tol=0.00235 n_perm=2 antithetic=True
[shapley-alloc] pair 1/1
[shapley-alloc] stage2 budget=1189 modules_alive=192/192 alloc_sum=1189
Epoch 0, global_step 8400, average loss: 0.02127358199097216
Epoch 0, global_step 8500, average loss: 0.018036135300062598
Valid loss 0.031037693824619055  -  Best loss 0.017320135622285307 at step 7000
Epoch 0, global_step 8600, average loss: 0.011650511631160043
[shapley-alloc] stage1 module-shapley players=192 v_full=-0.00614 v_empty=-0.00307 tol=0.00015 n_perm=2 antithetic=True
[shapley-alloc] pair 1/1
[shapley-alloc] stage2 budget=1171 modules_alive=192/192 alloc_sum=1171
Epoch 0, global_step 8700, average loss: 0.017430059791076927
Epoch 0, global_step 8800, average loss: 0.01315870202757651
Epoch 1, global_step 8900, average loss: 0.011841012360528112
[shapley-alloc] stage1 module-shapley players=192 v_full=-0.00451 v_empty=-0.01308 tol=0.00043 n_perm=2 antithetic=True
[shapley-alloc] pair 1/1
[shapley-alloc] stage2 budget=1153 modules_alive=192/192 alloc_sum=1153
Epoch 1, global_step 9000, average loss: 0.01950306114333216
Best model (step 9000, average valid loss 0.01715693079866469) saved at data/ft_plms/llama_base_adalora/freeze_plm_False/Jin2022/5Hz/his_10_fut_20_ss_15_epochs_4_bs_32_lr_0.0005_seed_1_rank_4_scheduled_sampling_True_shapley/best_model
Valid loss 0.01715693079866469  -  Best loss 0.01715693079866469 at step 9000
Epoch 1, global_step 9100, average loss: 0.01020785143133253
Epoch 1, global_step 9200, average loss: 0.012184880471322686
[shapley-alloc] stage1 module-shapley players=192 v_full=-0.02901 v_empty=-0.05467 tol=0.00128 n_perm=2 antithetic=True
[shapley-alloc] pair 1/1
[shapley-alloc] stage2 budget=1136 modules_alive=192/192 alloc_sum=1136
Epoch 1, global_step 9300, average loss: 0.019524226290523073
Epoch 1, global_step 9400, average loss: 0.017027521124109626
Epoch 1, global_step 9500, average loss: 0.02136344213504344
Valid loss 0.05424131389707327  -  Best loss 0.01715693079866469 at step 9000
Epoch 1, global_step 9600, average loss: 0.021589948148466646
[shapley-alloc] stage1 module-shapley players=192 v_full=-0.00149 v_empty=-0.00762 tol=0.00031 n_perm=2 antithetic=True
[shapley-alloc] pair 1/1
[shapley-alloc] stage2 budget=1119 modules_alive=192/192 alloc_sum=1119
Epoch 1, global_step 9700, average loss: 0.016484766907524318
Epoch 1, global_step 9800, average loss: 0.011412867504404858
Epoch 1, global_step 9900, average loss: 0.015271031073061749
[shapley-alloc] stage1 module-shapley players=192 v_full=-0.00836 v_empty=-0.02684 tol=0.00092 n_perm=2 antithetic=True
[shapley-alloc] pair 1/1
[shapley-alloc] stage2 budget=1103 modules_alive=192/192 alloc_sum=1103
Epoch 1, global_step 10000, average loss: 0.013243801196222194
Valid loss 0.021632196833379566  -  Best loss 0.01715693079866469 at step 9000
Epoch 1, global_step 10100, average loss: 0.012457746150903403
Epoch 1, global_step 10200, average loss: 0.02001912993262522
[shapley-alloc] stage1 module-shapley players=192 v_full=-0.00415 v_empty=-0.02157 tol=0.00087 n_perm=2 antithetic=True
[shapley-alloc] pair 1/1
[shapley-alloc] stage2 budget=1087 modules_alive=192/192 alloc_sum=1087
Epoch 1, global_step 10300, average loss: 0.012039411594014383
Epoch 1, global_step 10400, average loss: 0.012101688566617667
Epoch 1, global_step 10500, average loss: 0.01974422207364114
Valid loss 0.025878566480241717  -  Best loss 0.01715693079866469 at step 9000
[shapley-alloc] stage1 module-shapley players=192 v_full=-0.01074 v_empty=-0.01682 tol=0.00030 n_perm=2 antithetic=True
[shapley-alloc] pair 1/1
[shapley-alloc] stage2 budget=1072 modules_alive=192/192 alloc_sum=1072
Epoch 1, global_step 10600, average loss: 0.011496092572924681
Epoch 1, global_step 10700, average loss: 0.010246699878771325
Epoch 1, global_step 10800, average loss: 0.011163554054219276
[shapley-alloc] stage1 module-shapley players=192 v_full=-0.01285 v_empty=-0.03175 tol=0.00095 n_perm=2 antithetic=True
[shapley-alloc] pair 1/1
[shapley-alloc] stage2 budget=1057 modules_alive=192/192 alloc_sum=1057
Epoch 1, global_step 10900, average loss: 0.008970698797493242
Epoch 1, global_step 11000, average loss: 0.007755147643474629
Best model (step 11000, average valid loss 0.015430286746704951) saved at data/ft_plms/llama_base_adalora/freeze_plm_False/Jin2022/5Hz/his_10_fut_20_ss_15_epochs_4_bs_32_lr_0.0005_seed_1_rank_4_scheduled_sampling_True_shapley/best_model
Valid loss 0.015430286746704951  -  Best loss 0.015430286746704951 at step 11000
Epoch 1, global_step 11100, average loss: 0.015022482544591185
Epoch 1, global_step 11200, average loss: 0.012043483225861564
[shapley-alloc] stage1 module-shapley players=192 v_full=-0.01143 v_empty=-0.02945 tol=0.00090 n_perm=2 antithetic=True
[shapley-alloc] pair 1/1
[shapley-alloc] stage2 budget=1043 modules_alive=192/192 alloc_sum=1043
Epoch 1, global_step 11300, average loss: 0.009884327272884548
Epoch 1, global_step 11400, average loss: 0.009272871650173329
Epoch 1, global_step 11500, average loss: 0.01137793103720469
Valid loss 0.022503978076856584  -  Best loss 0.015430286746704951 at step 11000
[shapley-alloc] stage1 module-shapley players=192 v_full=-0.00720 v_empty=-0.02394 tol=0.00084 n_perm=2 antithetic=True
[shapley-alloc] pair 1/1
[shapley-alloc] stage2 budget=1029 modules_alive=192/192 alloc_sum=1029
Epoch 1, global_step 11600, average loss: 0.009862212514999556
Epoch 1, global_step 11700, average loss: 0.014138583022286185
Epoch 1, global_step 11800, average loss: 0.007562411871258518
[shapley-alloc] stage1 module-shapley players=192 v_full=-0.00123 v_empty=-0.01266 tol=0.00057 n_perm=2 antithetic=True
[shapley-alloc] pair 1/1
[shapley-alloc] stage2 budget=1016 modules_alive=192/192 alloc_sum=1016
Epoch 1, global_step 11900, average loss: 0.021769191921921446
Epoch 1, global_step 12000, average loss: 0.012931695317383855
Valid loss 0.020574861904606223  -  Best loss 0.015430286746704951 at step 11000
Epoch 1, global_step 12100, average loss: 0.008770347802637843
[shapley-alloc] stage1 module-shapley players=192 v_full=-0.00711 v_empty=-0.03307 tol=0.00130 n_perm=2 antithetic=True
[shapley-alloc] pair 1/1
[shapley-alloc] stage2 budget=1003 modules_alive=192/192 alloc_sum=1003
Epoch 1, global_step 12200, average loss: 0.016505597486539045
Epoch 1, global_step 12300, average loss: 0.007323746476322413
Epoch 1, global_step 12400, average loss: 0.013018529720138759
[shapley-alloc] stage1 module-shapley players=192 v_full=-0.01236 v_empty=-0.01299 tol=0.00003 n_perm=2 antithetic=True
[shapley-alloc] pair 1/1
[shapley-alloc] stage2 budget=991 modules_alive=192/192 alloc_sum=991
Epoch 1, global_step 12500, average loss: 0.01394488987076329
Valid loss 0.02831273330375552  -  Best loss 0.015430286746704951 at step 11000
Epoch 1, global_step 12600, average loss: 0.015766154793236637
Epoch 1, global_step 12700, average loss: 0.010167090754621314
Epoch 1, global_step 12800, average loss: 0.009214234223400126
[shapley-alloc] stage1 module-shapley players=192 v_full=-0.00174 v_empty=-0.00168 tol=0.00000 n_perm=2 antithetic=True
[shapley-alloc] pair 1/1
[shapley-alloc] stage2 budget=979 modules_alive=192/192 alloc_sum=979
Epoch 1, global_step 12900, average loss: 0.008852601082471665
Epoch 1, global_step 13000, average loss: 0.011446486078202724
Valid loss 0.023828957243822516  -  Best loss 0.015430286746704951 at step 11000
Epoch 1, global_step 13100, average loss: 0.017718935477314516
[shapley-alloc] stage1 module-shapley players=192 v_full=-0.00161 v_empty=-0.00390 tol=0.00011 n_perm=2 antithetic=True
[shapley-alloc] pair 1/1
[shapley-alloc] stage2 budget=967 modules_alive=192/192 alloc_sum=967
Epoch 1, global_step 13200, average loss: 0.008816418172209524
Epoch 1, global_step 13300, average loss: 0.02328336050384678
Epoch 1, global_step 13400, average loss: 0.02142632119357586
[shapley-alloc] stage1 module-shapley players=192 v_full=-0.02197 v_empty=-0.04601 tol=0.00120 n_perm=2 antithetic=True
[shapley-alloc] pair 1/1
[shapley-alloc] stage2 budget=956 modules_alive=192/192 alloc_sum=956
Epoch 1, global_step 13500, average loss: 0.01553457648260519
Valid loss 0.016893109045922755  -  Best loss 0.015430286746704951 at step 11000
Epoch 1, global_step 13600, average loss: 0.009058847843261901
Epoch 1, global_step 13700, average loss: 0.01403377686641761
[shapley-alloc] stage1 module-shapley players=192 v_full=-0.02202 v_empty=-0.05871 tol=0.00183 n_perm=2 antithetic=True
[shapley-alloc] pair 1/1
[shapley-alloc] stage2 budget=945 modules_alive=192/192 alloc_sum=945
Epoch 1, global_step 13800, average loss: 0.013186607561947313
Epoch 1, global_step 13900, average loss: 0.01610080109501723
Epoch 1, global_step 14000, average loss: 0.011886957557289862
Valid loss 0.027066568825393916  -  Best loss 0.015430286746704951 at step 11000
[shapley-alloc] stage1 module-shapley players=192 v_full=-0.00086 v_empty=-0.00900 tol=0.00041 n_perm=2 antithetic=True
[shapley-alloc] pair 1/1
[shapley-alloc] stage2 budget=935 modules_alive=192/192 alloc_sum=935
Epoch 1, global_step 14100, average loss: 0.010867120976909063
Epoch 1, global_step 14200, average loss: 0.013932284091133625
Epoch 1, global_step 14300, average loss: 0.017348446083342423
Epoch 1, global_step 14400, average loss: 0.009857466223184019
[shapley-alloc] stage1 module-shapley players=192 v_full=-0.01938 v_empty=-0.04550 tol=0.00131 n_perm=2 antithetic=True
[shapley-alloc] pair 1/1
[shapley-alloc] stage2 budget=925 modules_alive=192/192 alloc_sum=925
Epoch 1, global_step 14500, average loss: 0.00755171381693799
Valid loss 0.016539545663399623  -  Best loss 0.015430286746704951 at step 11000
Epoch 1, global_step 14600, average loss: 0.009130196211626753
Epoch 1, global_step 14700, average loss: 0.018196511872374685
[shapley-alloc] stage1 module-shapley players=192 v_full=-0.00883 v_empty=-0.03783 tol=0.00145 n_perm=2 antithetic=True
[shapley-alloc] pair 1/1
[shapley-alloc] stage2 budget=916 modules_alive=192/192 alloc_sum=916
Epoch 1, global_step 14800, average loss: 0.009678933538962155
